GAMS 44.3.0  8b8fb1cb Sep 1, 2023           WEX-WEI x86 64bit/MS Windows - 09/12/23 17:44:09 Page 1
G e n e r a l   A l g e b r a i c   M o d e l i n g   S y s t e m
C o m p i l a t i o n


   1  option limrow=0, limcol=0;
   2   
   3  set I / malt, hops, yeast /;
   4  set T / light, dark /;
   5   
   6  parameters
   7      s(T, I)
   8      / light.malt 2, light.hops 3, light.yeast 2
   9        dark.malt 3, dark.hops 1, dark.yeast [5/3] /
  10      p(T) / light 2, dark 1 /
  11      u(I) / malt 90, hops 40, yeast 80 /;
  12   
  13  positive variable quant(T);
  14  variable Profit;
  15  equation eq_obj, eq_stock;
  16   
  17  eq_obj..
  18      Profit =e= sum(T, p(T)*quant(T));
  19   
  20  eq_stock(I)..
  21      sum(T, s(T,I)*quant(T)) =l= u(I);
  22   
  23  model softsuds /all/;
  24   
  25  solve softsuds using lp maximize Profit;
  26   
  27  display Profit.l, quant.l;


COMPILATION TIME     =        0.016 SECONDS      3 MB  44.3.0 8b8fb1cb WEX-WEI
GAMS 44.3.0  8b8fb1cb Sep 1, 2023           WEX-WEI x86 64bit/MS Windows - 09/12/23 17:44:09 Page 2
G e n e r a l   A l g e b r a i c   M o d e l i n g   S y s t e m
Range Statistics    SOLVE softsuds Using LP From line 25


RANGE STATISTICS (ABSOLUTE NON-ZERO FINITE VALUES)

RHS       [min, max] : [ 4.000E+01, 9.000E+01] - Zero values observed as well
Bound     [min, max] : [        NA,        NA] - Zero values observed as well
Matrix    [min, max] : [ 1.000E+00, 3.000E+00]

GAMS 44.3.0  8b8fb1cb Sep 1, 2023           WEX-WEI x86 64bit/MS Windows - 09/12/23 17:44:09 Page 3
G e n e r a l   A l g e b r a i c   M o d e l i n g   S y s t e m
Model Statistics    SOLVE softsuds Using LP From line 25


MODEL STATISTICS

BLOCKS OF EQUATIONS           2     SINGLE EQUATIONS            4
BLOCKS OF VARIABLES           2     SINGLE VARIABLES            3
NON ZERO ELEMENTS             9


GENERATION TIME      =        0.015 SECONDS      4 MB  44.3.0 8b8fb1cb WEX-WEI
GAMS 44.3.0  8b8fb1cb Sep 1, 2023           WEX-WEI x86 64bit/MS Windows - 09/12/23 17:44:09 Page 4
G e n e r a l   A l g e b r a i c   M o d e l i n g   S y s t e m
Solution Report     SOLVE softsuds Using LP From line 25


               S O L V E      S U M M A R Y

     MODEL   softsuds            OBJECTIVE  Profit
     TYPE    LP                  DIRECTION  MAXIMIZE
     SOLVER  CPLEX               FROM LINE  25

**** SOLVER STATUS     1 Normal Completion
**** MODEL STATUS      1 Optimal
**** OBJECTIVE VALUE               35.7143

 RESOURCE USAGE, LIMIT          0.000 10000000000.000
 ITERATION COUNT, LIMIT         2    2147483647
--- *** This solver runs with a demo license. No commercial use.
--- GMO setup time: 0.00s
--- GMO memory 0.50 Mb (peak 0.50 Mb)
--- Dictionary memory 0.00 Mb
--- Cplex 22.1.1.0 link memory 0.00 Mb (peak 0.00 Mb)
--- Starting Cplex


--- LP status (1): optimal.
--- Cplex Time: 0.00sec (det. 0.01 ticks)


Optimal solution found
Objective:           35.714286


                           LOWER          LEVEL          UPPER         MARGINAL

---- EQU eq_obj              .              .              .             1.0000      

---- EQU eq_stock  

             LOWER          LEVEL          UPPER         MARGINAL

malt         -INF           90.0000        90.0000         0.1429      
hops         -INF           40.0000        40.0000         0.5714      
yeast        -INF           53.8095        80.0000          .          

---- VAR quant  

             LOWER          LEVEL          UPPER         MARGINAL

light          .             4.2857        +INF             .          
dark           .            27.1429        +INF             .          

                           LOWER          LEVEL          UPPER         MARGINAL

---- VAR Profit            -INF           35.7143        +INF             .          


**** REPORT SUMMARY :        0     NONOPT
                             0 INFEASIBLE
                             0  UNBOUNDED
GAMS 44.3.0  8b8fb1cb Sep 1, 2023           WEX-WEI x86 64bit/MS Windows - 09/12/23 17:44:09 Page 5
G e n e r a l   A l g e b r a i c   M o d e l i n g   S y s t e m
E x e c u t i o n


----     27 VARIABLE Profit.L              =       35.714  

----     27 VARIABLE quant.L  

light  4.286,    dark  27.143



EXECUTION TIME       =        0.062 SECONDS      4 MB  44.3.0 8b8fb1cb WEX-WEI


USER: GAMS Demo, for EULA and demo limitations see   G230706/0001CB-GEN
      https://www.gams.com/latest/docs/UG%5FLicense.html         DC0000


**** FILE SUMMARY

Input      C:\Users\Rocke\OneDrive\Documents\isye524\hw\hw1\hw1-2.gms
Output     C:\Users\Rocke\OneDrive\Documents\isye524\hw\hw1\hw1-2.lst
