GAMS 44.3.0  8b8fb1cb Sep 1, 2023           WEX-WEI x86 64bit/MS Windows - 10/18/23 19:46:08 Page 1
Practical Management Science (Example 4.4, pg 168)
C o m p i l a t i o n


      Widgetco is about to introduce a new product.  One unit of this
      product is produced by assembling subassembly 1 and subassembly 2.
      Before production begins on either subassembly, raw materials must be
      purchased and workers must be trained. Before the subassemblies can be
      assembled into the final product, the finished subassembly 2 must be
      inspected.  The GAMS code that sets up this data is given below.
  10   
  11  * DATA SECTION
  12   
  13  option limcol = 0, limrow = 20;
  14   
  15  set activity /
  16      A "Train Workers",
  17      B "Purchase Raw Materials",
  18      C "Make Subassembly 1",
  19      D "Make Subassembly 2",
  20      E "Inspect Subassembly 2",
  21      F "Assemble Subassemblies" /;
  22   
  23  alias (activity, I,J);
  24   
  25  set pred(I,J) "I preceeds J" /
  26      (A,B) . C,
  27      (A,B) . D,
  28      D . E,
  29      (C,E) . F /;
  30   
  31  parameter duration(I) /
  32      A   6
  33      B   9
  34      C   8
  35      D   7
  36      E   10
  37      F   12 /;
  38   
  39  * MODEL SECTION
  40   
  41  variables projDur;
  42  positive variable t(I) "time activity starts";
  43   
  44  equations incidence(I,J), endTime(I);
  45   
  46  incidence(I,J)$pred(I,J)..
  47      t(J) =g= t(I) + duration(I);
  48   
  49  endTime(I)..
  50      projDur =g= t(I) + duration(I);
  51   
  52  model cpm /incidence,endTime/;
  53   
  54  * option limrow = 0, limcol = 1000;
  55  solve cpm using lp minimizing projDur;
  56   
EXIT C:\Users\Rocke\OneDrive\Documents\isye524\lectures\randomex\widgetco.gms
GAMS 44.3.0  8b8fb1cb Sep 1, 2023           WEX-WEI x86 64bit/MS Windows - 10/18/23 19:46:08 Page 2
Practical Management Science (Example 4.4, pg 168)
Include File Summary


   SEQ   GLOBAL TYPE      PARENT   LOCAL  FILENAME

     1        1 INPUT          0       0  C:\Users\Rocke\OneDrive\Documents\isye524\lectures\randomex\widgetco.gms
     2       57 EXIT           1      57  C:\Users\Rocke\OneDrive\Documents\isye524\lectures\randomex\widgetco.gms


COMPILATION TIME     =        0.000 SECONDS      3 MB  44.3.0 8b8fb1cb WEX-WEI
GAMS 44.3.0  8b8fb1cb Sep 1, 2023           WEX-WEI x86 64bit/MS Windows - 10/18/23 19:46:08 Page 3
Practical Management Science (Example 4.4, pg 168)
Equation Listing    SOLVE cpm Using LP From line 55


---- incidence  =G=  

incidence(A,C)..  - t(A) + t(C) =G= 6 ; (LHS = 0, INFES = 6 ****)
     
incidence(A,D)..  - t(A) + t(D) =G= 6 ; (LHS = 0, INFES = 6 ****)
     
incidence(B,C)..  - t(B) + t(C) =G= 9 ; (LHS = 0, INFES = 9 ****)
     
incidence(B,D)..  - t(B) + t(D) =G= 9 ; (LHS = 0, INFES = 9 ****)
     
incidence(C,F)..  - t(C) + t(F) =G= 8 ; (LHS = 0, INFES = 8 ****)
     
incidence(D,E)..  - t(D) + t(E) =G= 7 ; (LHS = 0, INFES = 7 ****)
     
incidence(E,F)..  - t(E) + t(F) =G= 10 ; (LHS = 0, INFES = 10 ****)
     

---- endTime  =G=  

endTime(A)..  projDur - t(A) =G= 6 ; (LHS = 0, INFES = 6 ****)
     
endTime(B)..  projDur - t(B) =G= 9 ; (LHS = 0, INFES = 9 ****)
     
endTime(C)..  projDur - t(C) =G= 8 ; (LHS = 0, INFES = 8 ****)
     
endTime(D)..  projDur - t(D) =G= 7 ; (LHS = 0, INFES = 7 ****)
     
endTime(E)..  projDur - t(E) =G= 10 ; (LHS = 0, INFES = 10 ****)
     
endTime(F)..  projDur - t(F) =G= 12 ; (LHS = 0, INFES = 12 ****)
     
GAMS 44.3.0  8b8fb1cb Sep 1, 2023           WEX-WEI x86 64bit/MS Windows - 10/18/23 19:46:08 Page 4
Practical Management Science (Example 4.4, pg 168)
Range Statistics    SOLVE cpm Using LP From line 55


RANGE STATISTICS (ABSOLUTE NON-ZERO FINITE VALUES)

RHS       [min, max] : [ 6.000E+00, 1.200E+01]
Bound     [min, max] : [        NA,        NA] - Zero values observed as well
Matrix    [min, max] : [ 1.000E+00, 1.000E+00]

GAMS 44.3.0  8b8fb1cb Sep 1, 2023           WEX-WEI x86 64bit/MS Windows - 10/18/23 19:46:08 Page 5
Practical Management Science (Example 4.4, pg 168)
Model Statistics    SOLVE cpm Using LP From line 55


MODEL STATISTICS

BLOCKS OF EQUATIONS           2     SINGLE EQUATIONS           13
BLOCKS OF VARIABLES           2     SINGLE VARIABLES            7
NON ZERO ELEMENTS            26


GENERATION TIME      =        0.000 SECONDS      4 MB  44.3.0 8b8fb1cb WEX-WEI
GAMS 44.3.0  8b8fb1cb Sep 1, 2023           WEX-WEI x86 64bit/MS Windows - 10/18/23 19:46:08 Page 6
Practical Management Science (Example 4.4, pg 168)
Solution Report     SOLVE cpm Using LP From line 55


               S O L V E      S U M M A R Y

     MODEL   cpm                 OBJECTIVE  projDur
     TYPE    LP                  DIRECTION  MINIMIZE
     SOLVER  CPLEX               FROM LINE  55

**** SOLVER STATUS     1 Normal Completion
**** MODEL STATUS      1 Optimal
**** OBJECTIVE VALUE               38.0000

 RESOURCE USAGE, LIMIT          0.000 10000000000.000
 ITERATION COUNT, LIMIT         0    2147483647
--- GAMS/CPLEX licensed for continuous and discrete problems.
--- GMO setup time: 0.00s
--- GMO memory 0.50 Mb (peak 0.50 Mb)
--- Dictionary memory 0.00 Mb
--- Cplex 22.1.1.0 link memory 0.00 Mb (peak 0.00 Mb)
--- Starting Cplex


--- LP status (1): optimal.
--- Cplex Time: 0.00sec (det. 0.01 ticks)


Optimal solution found
Objective:           38.000000


---- EQU incidence  

           LOWER          LEVEL          UPPER         MARGINAL

A.C         6.0000         9.0000        +INF             .          
A.D         6.0000         9.0000        +INF             .          
B.C         9.0000         9.0000        +INF            EPS         
B.D         9.0000         9.0000        +INF            1.0000      
C.F         8.0000        17.0000        +INF             .          
D.E         7.0000         7.0000        +INF            1.0000      
E.F        10.0000        10.0000        +INF            1.0000      

---- EQU endTime  

         LOWER          LEVEL          UPPER         MARGINAL

A         6.0000        38.0000        +INF             .          
B         9.0000        38.0000        +INF             .          
C         8.0000        29.0000        +INF             .          
D         7.0000        29.0000        +INF             .          
E        10.0000        22.0000        +INF             .          
F        12.0000        12.0000        +INF            1.0000      

                           LOWER          LEVEL          UPPER         MARGINAL

---- VAR projDur           -INF           38.0000        +INF             .          

---- VAR t  time activity starts

         LOWER          LEVEL          UPPER         MARGINAL

A          .              .            +INF            EPS         
B          .              .            +INF            1.0000      
C          .             9.0000        +INF             .          
D          .             9.0000        +INF             .          
E          .            16.0000        +INF             .          
F          .            26.0000        +INF             .          


**** REPORT SUMMARY :        0     NONOPT
                             0 INFEASIBLE
                             0  UNBOUNDED


EXECUTION TIME       =        0.109 SECONDS      4 MB  44.3.0 8b8fb1cb WEX-WEI


USER: Introduction to Optimization (CS/ISyE/ECE 524) G230906|0002AS-GEN
      UW-Madison, CS Dept., Fall 2023, Prof. Ferris              DCE850
      License for teaching and research at degree granting institutions


**** FILE SUMMARY

Input      C:\Users\Rocke\OneDrive\Documents\isye524\lectures\randomex\widgetco.gms
Output     C:\Users\Rocke\OneDrive\Documents\isye524\lectures\widgetco.lst
