GAMS 44.3.0  8b8fb1cb Sep 1, 2023           WEX-WEI x86 64bit/MS Windows - 10/26/23 15:38:20 Page 1
G e n e r a l   A l g e b r a i c   M o d e l i n g   S y s t e m
C o m p i l a t i o n


   1  set S Sites / 1*7 /
   2  C Communities / 1*15 /;
   3   
   4  alias(S, I);
   5  alias(C, J)
   6   
   7  parameter
   8  cost(S) / 1 1.8, 2 1.3, 3 4.0, 4 3.5, 5 3.8, 6 2.6, 7 2.1 /
   9  inhabitants(C) / 1 2, 2 4, 3 13, 4 6, 5 9, 6 4, 7 8, 8 12, 9 10, 10 11, 11 6, 12 14, 13 9, 14 3, 15 6 /;
  10   
  11  set
  12  cover(S, C) / 1.(1,2,4), 2.(2,3,5), 3.(4,7,8,10), 4.(5,6,8,9), 5.(8,9,12), 6.(7,10,11,12,15), 7.(12,13,14,15) /;
  13   
  14  display cover;
  15   
  16  variable
  17  pop_covered;
  18   
  19  binary variable
  20  x(S), covered(C);
  21   
  22  equations
  23  obj, cover_cons, budget_cons;
  24   
  25  obj..
  26  pop_covered =e= sum(J, inhabitants(J)*covered(J));
  27   
  28  cover_cons(J)..
  29  sum(I$(cover(I, J)), x(I)) =g= covered(J);
  30   
  31  budget_cons..
  32  sum(I, cost(I)*x(I)) =l= 10;
  33   
  34  model dumbledore / all /;
  35   
  36  option optcr = 0; option optca = 0;
  37   
  38  solve dumbledore using mip maximize pop_covered;
  39   
  40  set open(I);
  41  open(I) = yes$(x.L(I) > 0.5);
  42   
  43  option open:0:0:1;
  44   
  45  display open, pop_covered.L;


COMPILATION TIME     =        0.000 SECONDS      3 MB  44.3.0 8b8fb1cb WEX-WEI
GAMS 44.3.0  8b8fb1cb Sep 1, 2023           WEX-WEI x86 64bit/MS Windows - 10/26/23 15:38:20 Page 2
G e n e r a l   A l g e b r a i c   M o d e l i n g   S y s t e m
E x e c u t i o n


----     14 SET cover  

            1           2           3           4           5           6           7           8           9          10          11          12          13          14          15

1         YES         YES                     YES
2                     YES         YES                     YES
3                                             YES                                 YES         YES                     YES
4                                                         YES         YES                     YES         YES
5                                                                                             YES         YES                                 YES
6                                                                                 YES                                 YES         YES         YES                                 YES
7                                                                                                                                             YES         YES         YES         YES

GAMS 44.3.0  8b8fb1cb Sep 1, 2023           WEX-WEI x86 64bit/MS Windows - 10/26/23 15:38:20 Page 3
G e n e r a l   A l g e b r a i c   M o d e l i n g   S y s t e m
Equation Listing    SOLVE dumbledore Using MIP From line 38


---- obj  =E=  

obj..  pop_covered - 2*covered(1) - 4*covered(2) - 13*covered(3) - 6*covered(4) - 9*covered(5) - 4*covered(6) - 8*covered(7) - 12*covered(8) - 10*covered(9) - 11*covered(10) - 6*covered(11) - 14*covered(12) - 9*covered(13) - 3*covered(14) - 6*covered(15) =E= 0 ; (LHS = 0)
     

---- cover_cons  =G=  

cover_cons(1)..  x(1) - covered(1) =G= 0 ; (LHS = 0)
     
cover_cons(2)..  x(1) + x(2) - covered(2) =G= 0 ; (LHS = 0)
     
cover_cons(3)..  x(2) - covered(3) =G= 0 ; (LHS = 0)
     
REMAINING 12 ENTRIES SKIPPED


---- budget_cons  =L=  

budget_cons..  1.8*x(1) + 1.3*x(2) + 4*x(3) + 3.5*x(4) + 3.8*x(5) + 2.6*x(6) + 2.1*x(7) =L= 10 ; (LHS = 0)
     
GAMS 44.3.0  8b8fb1cb Sep 1, 2023           WEX-WEI x86 64bit/MS Windows - 10/26/23 15:38:20 Page 4
G e n e r a l   A l g e b r a i c   M o d e l i n g   S y s t e m
Column Listing      SOLVE dumbledore Using MIP From line 38


---- pop_covered  

pop_covered
                (.LO, .L, .UP, .M = -INF, 0, +INF, 0)
        1       obj


---- x  

x(1)
                (.LO, .L, .UP, .M = 0, 0, 1, 0)
        1       cover_cons(1)
        1       cover_cons(2)
        1       cover_cons(4)
        1.8     budget_cons

x(2)
                (.LO, .L, .UP, .M = 0, 0, 1, 0)
        1       cover_cons(2)
        1       cover_cons(3)
        1       cover_cons(5)
        1.3     budget_cons

x(3)
                (.LO, .L, .UP, .M = 0, 0, 1, 0)
        1       cover_cons(4)
        1       cover_cons(7)
        1       cover_cons(8)
        1       cover_cons(10)
        4       budget_cons

REMAINING 4 ENTRIES SKIPPED

---- covered  

covered(1)
                (.LO, .L, .UP, .M = 0, 0, 1, 0)
       -2       obj
       -1       cover_cons(1)

covered(2)
                (.LO, .L, .UP, .M = 0, 0, 1, 0)
       -4       obj
       -1       cover_cons(2)

covered(3)
                (.LO, .L, .UP, .M = 0, 0, 1, 0)
      -13       obj
       -1       cover_cons(3)

REMAINING 12 ENTRIES SKIPPED
GAMS 44.3.0  8b8fb1cb Sep 1, 2023           WEX-WEI x86 64bit/MS Windows - 10/26/23 15:38:20 Page 5
G e n e r a l   A l g e b r a i c   M o d e l i n g   S y s t e m
Range Statistics    SOLVE dumbledore Using MIP From line 38


RANGE STATISTICS (ABSOLUTE NON-ZERO FINITE VALUES)

RHS       [min, max] : [ 1.000E+01, 1.000E+01] - Zero values observed as well
Bound     [min, max] : [ 1.000E+00, 1.000E+00] - Zero values observed as well
Matrix    [min, max] : [ 1.000E+00, 1.400E+01]

GAMS 44.3.0  8b8fb1cb Sep 1, 2023           WEX-WEI x86 64bit/MS Windows - 10/26/23 15:38:20 Page 6
G e n e r a l   A l g e b r a i c   M o d e l i n g   S y s t e m
Model Statistics    SOLVE dumbledore Using MIP From line 38


MODEL STATISTICS

BLOCKS OF EQUATIONS           3     SINGLE EQUATIONS           17
BLOCKS OF VARIABLES           3     SINGLE VARIABLES           23
NON ZERO ELEMENTS            64     DISCRETE VARIABLES         22


GENERATION TIME      =        0.015 SECONDS      4 MB  44.3.0 8b8fb1cb WEX-WEI
GAMS 44.3.0  8b8fb1cb Sep 1, 2023           WEX-WEI x86 64bit/MS Windows - 10/26/23 15:38:20 Page 7
G e n e r a l   A l g e b r a i c   M o d e l i n g   S y s t e m
Solution Report     SOLVE dumbledore Using MIP From line 38


               S O L V E      S U M M A R Y

     MODEL   dumbledore          OBJECTIVE  pop_covered
     TYPE    MIP                 DIRECTION  MAXIMIZE
     SOLVER  CPLEX               FROM LINE  38

**** SOLVER STATUS     1 Normal Completion
**** MODEL STATUS      1 Optimal
**** OBJECTIVE VALUE              109.0000

 RESOURCE USAGE, LIMIT          0.000 10000000000.000
 ITERATION COUNT, LIMIT         5    2147483647
--- GAMS/CPLEX licensed for continuous and discrete problems.
--- GMO setup time: 0.00s
--- GMO memory 0.50 Mb (peak 0.50 Mb)
--- Dictionary memory 0.00 Mb
--- Cplex 22.1.1.0 link memory 0.00 Mb (peak 0.00 Mb)
--- Starting Cplex


--- MIP status (101): integer optimal solution.
--- Cplex Time: 0.00sec (det. 0.13 ticks)

--- Returning a primal only solution to GAMS (marginals all set to NA).
--- Fixing integer variables and solving final LP...


--- Fixed MIP status (1): optimal.
--- Cplex Time: 0.00sec (det. 0.01 ticks)


Proven optimal solution
MIP Solution:          109.000000    (5 iterations, 0 nodes)
Final Solve:           109.000000    (0 iterations)

Best possible:         109.000000
Absolute gap:            0.000000
Relative gap:            0.000000


                           LOWER          LEVEL          UPPER         MARGINAL

---- EQU obj                 .              .              .             1.0000      

---- EQU cover_cons  

          LOWER          LEVEL          UPPER         MARGINAL

1           .              .            +INF             .          
2           .              .            +INF             .          
3           .              .            +INF             .          
4           .              .            +INF             .          
5           .             1.0000        +INF             .          
6           .              .            +INF             .          
7           .              .            +INF             .          
8           .              .            +INF             .          
9           .              .            +INF             .          
10          .              .            +INF             .          
11          .              .            +INF             .          
12          .             1.0000        +INF             .          
13          .              .            +INF             .          
14          .              .            +INF             .          
15          .             1.0000        +INF             .          

                           LOWER          LEVEL          UPPER         MARGINAL

---- EQU budget_co~        -INF            9.5000        10.0000          .          

                           LOWER          LEVEL          UPPER         MARGINAL

---- VAR pop_cover~        -INF          109.0000        +INF             .          

---- VAR x  

         LOWER          LEVEL          UPPER         MARGINAL

1          .              .             1.0000         EPS         
2          .             1.0000         1.0000         EPS         
3          .              .             1.0000         EPS         
4          .             1.0000         1.0000         EPS         
5          .              .             1.0000         EPS         
6          .             1.0000         1.0000         EPS         
7          .             1.0000         1.0000         EPS         

---- VAR covered  

          LOWER          LEVEL          UPPER         MARGINAL

1           .              .             1.0000         2.0000      
2           .             1.0000         1.0000         4.0000      
3           .             1.0000         1.0000        13.0000      
4           .              .             1.0000         6.0000      
5           .             1.0000         1.0000         9.0000      
6           .             1.0000         1.0000         4.0000      
7           .             1.0000         1.0000         8.0000      
8           .             1.0000         1.0000        12.0000      
9           .             1.0000         1.0000        10.0000      
10          .             1.0000         1.0000        11.0000      
11          .             1.0000         1.0000         6.0000      
12          .             1.0000         1.0000        14.0000      
13          .             1.0000         1.0000         9.0000      
14          .             1.0000         1.0000         3.0000      
15          .             1.0000         1.0000         6.0000      


**** REPORT SUMMARY :        0     NONOPT
                             0 INFEASIBLE
                             0  UNBOUNDED
GAMS 44.3.0  8b8fb1cb Sep 1, 2023           WEX-WEI x86 64bit/MS Windows - 10/26/23 15:38:20 Page 8
G e n e r a l   A l g e b r a i c   M o d e l i n g   S y s t e m
E x e c u t i o n


----     45 SET open  

2
4
6
7


----     45 VARIABLE pop_covered.L         =      109.000  


EXECUTION TIME       =        0.093 SECONDS      4 MB  44.3.0 8b8fb1cb WEX-WEI


USER: Introduction to Optimization (CS/ISyE/ECE 524) G230906|0002AS-GEN
      UW-Madison, CS Dept., Fall 2023, Prof. Ferris              DCE850
      License for teaching and research at degree granting institutions


**** FILE SUMMARY

Input      C:\Users\Rocke\OneDrive\Documents\isye524\hw\hw6\hw6-3.gms
Output     C:\Users\Rocke\OneDrive\Documents\isye524\hw\hw6\hw6-3.lst
