GDXIN   C:\Users\Rocke\OneDrive\Documents\isye524\notebooks\gj_debdaf6f_base_2_gdxin.gdx
   7  set I /football,soccer/;
   8  set R /plaques,wood/;
   9   
  10  table a(R,I)  "Per-Unit resource requirements"
  11           football   soccer
  12  plaques     1         1
  13  wood        4         2  ;
  14   
  15  parameters
  16      c(I) / "football" 12, "soccer" 9 /
  17      u(I) / "football" 1000 , "soccer"  1500 /
  18      b(R) / "plaques"  1750,  "wood"  4800 /;
  19   
  20  * VARIABLE AND EQUATION DECLARATIONS
  21  free variable profit "total profit";
  22   
  23  positive variables
  24  x(I)     "number trophies" ;
GAMS 44.3.0  8b8fb1cb Sep 1, 2023           WEX-WEI x86 64bit/MS Windows - 10/27/23 14:48:17 Page 1
G e n e r a l   A l g e b r a i c   M o d e l i n g   S y s t e m
Include File Summary


   SEQ   GLOBAL TYPE      PARENT   LOCAL  FILENAME

     1        1 INPUT          0       0  C:\Users\Rocke\OneDrive\Documents\isye524\notebooks\gj_debdaf6f_base_2.gms
     2        2 GDXIN          1       1  C:\Users\Rocke\OneDrive\Documents\isye524\notebooks\gj_debdaf6f_base_2_gdxin.gdx


COMPILATION TIME     =        0.016 SECONDS      3 MB  44.3.0 8b8fb1cb WEX-WEI
GAMS 44.3.0  8b8fb1cb Sep 1, 2023           WEX-WEI x86 64bit/MS Windows - 10/27/23 14:48:17 Page 2
G e n e r a l   A l g e b r a i c   M o d e l i n g   S y s t e m
E x e c u t i o n


EXECUTION TIME       =        0.000 SECONDS      3 MB  44.3.0 8b8fb1cb WEX-WEI


USER: Introduction to Optimization (CS/ISyE/ECE 524) G230906|0002AS-GEN
      UW-Madison, CS Dept., Fall 2023, Prof. Ferris              DCE850
      License for teaching and research at degree granting institutions


**** FILE SUMMARY

Restart    C:\Users\Rocke\OneDrive\Documents\isye524\notebooks\gj_debdaf6f_base_cp.g00
Input      C:\Users\Rocke\OneDrive\Documents\isye524\notebooks\gj_debdaf6f_base_2.gms
Output     C:\Users\Rocke\OneDrive\Documents\isye524\notebooks\gj_debdaf6f_base_2.lst
Save       C:\Users\Rocke\OneDrive\Documents\isye524\notebooks\gj_debdaf6f_base_cpnew.g00

**** WARNING - COMPILER OPTIONS ARE NON DEFAULT     ONEMPTY
     EOLCOM # 
