GAMS 44.3.0  8b8fb1cb Sep 1, 2023           WEX-WEI x86 64bit/MS Windows - 09/19/23 16:35:20 Page 1
G e n e r a l   A l g e b r a i c   M o d e l i n g   S y s t e m
C o m p i l a t i o n


INCLUDE    C:\Users\Rocke\OneDrive\Documents\isye524\hw\hw2\hw2-2-1.inc
   2  option limrow=0, limcol=0;
   3   
   4  set I Items for Sale / bookcase, desk, chair, bedframe / ;
   5  set R Requirements Needed / work, metal, wood /;
   6   
   7  parameters
   8  p(I) Profit Margin / bookcase 19, desk 13, chair 12, bedframe 17 /
   9  u(R) Amount Available Resources / work 225, metal 117, wood 420 /
  10  n(I, R) Resource Requirement per Process Item ;
  11   
  12  table
  13  n(I, R)
  14              work      metal      wood
  15  bookcase       3          1         4
  16  desk           2          1         3
  17  chair          1          1         3
  18  bedframe       2          1         4;
  19   
  20   
  21  positive variable x(I);
  22  variable Profit;
  23  equation obj, res_con;
  24   
  25  obj..
  26  Profit =e= sum(I, p(I)*x(I));
  27   
  28  res_con(R)..
  29  sum(I, n(I, R)*x(I)) =l= u(R);
  30   
  31  model woodcrafters /all/;
  32   
  33  solve woodcrafters using lp maximize Profit;
  34   
  35  display Profit.l, x.l;
  36   
GAMS 44.3.0  8b8fb1cb Sep 1, 2023           WEX-WEI x86 64bit/MS Windows - 09/19/23 16:35:20 Page 2
G e n e r a l   A l g e b r a i c   M o d e l i n g   S y s t e m
Include File Summary


   SEQ   GLOBAL TYPE      PARENT   LOCAL  FILENAME

     1        1 INPUT          0       0  C:\Users\Rocke\OneDrive\Documents\isye524\hw\hw2\hw2-2-1.gms
     2        1 INCLUDE        1       1  .C:\Users\Rocke\OneDrive\Documents\isye524\hw\hw2\hw2-2-1.inc


COMPILATION TIME     =        0.000 SECONDS      3 MB  44.3.0 8b8fb1cb WEX-WEI
GAMS 44.3.0  8b8fb1cb Sep 1, 2023           WEX-WEI x86 64bit/MS Windows - 09/19/23 16:35:20 Page 3
G e n e r a l   A l g e b r a i c   M o d e l i n g   S y s t e m
Range Statistics    SOLVE woodcrafters Using LP From line 33


RANGE STATISTICS (ABSOLUTE NON-ZERO FINITE VALUES)

RHS       [min, max] : [ 1.170E+02, 4.200E+02] - Zero values observed as well
Bound     [min, max] : [        NA,        NA] - Zero values observed as well
Matrix    [min, max] : [ 1.000E+00, 1.900E+01]

GAMS 44.3.0  8b8fb1cb Sep 1, 2023           WEX-WEI x86 64bit/MS Windows - 09/19/23 16:35:20 Page 4
G e n e r a l   A l g e b r a i c   M o d e l i n g   S y s t e m
Model Statistics    SOLVE woodcrafters Using LP From line 33


MODEL STATISTICS

BLOCKS OF EQUATIONS           2     SINGLE EQUATIONS            4
BLOCKS OF VARIABLES           2     SINGLE VARIABLES            5
NON ZERO ELEMENTS            17


GENERATION TIME      =        0.015 SECONDS      4 MB  44.3.0 8b8fb1cb WEX-WEI
GAMS 44.3.0  8b8fb1cb Sep 1, 2023           WEX-WEI x86 64bit/MS Windows - 09/19/23 16:35:20 Page 5
G e n e r a l   A l g e b r a i c   M o d e l i n g   S y s t e m
Solution Report     SOLVE woodcrafters Using LP From line 33


               S O L V E      S U M M A R Y

     MODEL   woodcrafters        OBJECTIVE  Profit
     TYPE    LP                  DIRECTION  MAXIMIZE
     SOLVER  CPLEX               FROM LINE  33

**** SOLVER STATUS     1 Normal Completion
**** MODEL STATUS      1 Optimal
**** OBJECTIVE VALUE             1827.0000

 RESOURCE USAGE, LIMIT          0.000 10000000000.000
 ITERATION COUNT, LIMIT         3    2147483647
--- *** This solver runs with a demo license. No commercial use.
--- GMO setup time: 0.00s
--- GMO memory 0.50 Mb (peak 0.50 Mb)
--- Dictionary memory 0.00 Mb
--- Cplex 22.1.1.0 link memory 0.00 Mb (peak 0.00 Mb)
--- Starting Cplex


--- LP status (1): optimal.
--- Cplex Time: 0.00sec (det. 0.01 ticks)


Optimal solution found
Objective:         1827.000000


                           LOWER          LEVEL          UPPER         MARGINAL

---- EQU obj                 .              .              .             1.0000      

---- EQU res_con  

             LOWER          LEVEL          UPPER         MARGINAL

work         -INF          225.0000       225.0000         2.0000      
metal        -INF          117.0000       117.0000         1.0000      
wood         -INF          420.0000       420.0000         3.0000      

---- VAR x  

                LOWER          LEVEL          UPPER         MARGINAL

bookcase          .            39.0000        +INF             .          
desk              .              .            +INF           -1.0000      
chair             .            48.0000        +INF             .          
bedframe          .            30.0000        +INF             .          

                           LOWER          LEVEL          UPPER         MARGINAL

---- VAR Profit            -INF         1827.0000        +INF             .          


**** REPORT SUMMARY :        0     NONOPT
                             0 INFEASIBLE
                             0  UNBOUNDED
GAMS 44.3.0  8b8fb1cb Sep 1, 2023           WEX-WEI x86 64bit/MS Windows - 09/19/23 16:35:20 Page 6
G e n e r a l   A l g e b r a i c   M o d e l i n g   S y s t e m
E x e c u t i o n


----     35 VARIABLE Profit.L              =     1827.000  

----     35 VARIABLE x.L  

bookcase 39.000,    chair    48.000,    bedframe 30.000



EXECUTION TIME       =        0.062 SECONDS      4 MB  44.3.0 8b8fb1cb WEX-WEI


USER: GAMS Demo, for EULA and demo limitations see   G230706/0001CB-GEN
      https://www.gams.com/latest/docs/UG%5FLicense.html         DC0000


**** FILE SUMMARY

Input      C:\Users\Rocke\OneDrive\Documents\isye524\hw\hw2\hw2-2-1.gms
Output     C:\Users\Rocke\OneDrive\Documents\isye524\hw\hw2\hw2-2-1.lst
