GAMS 44.3.0  8b8fb1cb Sep 1, 2023           WEX-WEI x86 64bit/MS Windows - 09/11/23 11:13:39 Page 1
G e n e r a l   A l g e b r a i c   M o d e l i n g   S y s t e m
C o m p i l a t i o n


   1  * defining a set that includes a collection of strings containing football and soccer
   2  * {'football', 'soccer'}
   3  set I / football, soccer /;
   4   
   5  * using symbolic constraints to make readability and understanding easier
   6  * parameter: one of 3 ways of representing numbers symbolically, here parameterizing football and soccer info
   7  parameters
   8      profitMargin(I) / "football" 12 , "soccer" 9 /
   9      boardFeet(I) / "football" 4 , "soccer" 2 /
  10      plaques(I) / "football" 1 , "soccer" 1 /;
  11   
  12  * another way of representing numbers symbolically, here representing upper limits on plaques and wood
  13  scalar
  14      plaquesMax /1750/
  15      woodMax /4800/;
  16  * one variable for every element in I
  17  * use x('football') or x('soccer') to define decision variables in code below
  18  positive variable x(I) "trophies";
  19   
  20  variable p;
  21   
  22  equation obj, plaq, wood;
  23   
  24  * objective function
  25  * summing over all elements of set I (football, soccer)
  26  obj..
  27      p =e= sum(I, profitMargin(I)*x(I));
  28   
  29  * plaque constraint
  30  * using scalar defined above to replace upper constraint for plaques and wood
  31  plaq..
  32      sum(I, plaques(I)*x(I)) =l= plaquesMax;
  33   
  34  * wood constraint
  35  wood..
  36     sum(I, boardFeet(I)*x(I)) =l= woodMax;
  37   
  38  * run model using all constraints listed above
  39  model topbrass /all/;
  40   
  41  * upper constraint on number of football and soccer trophies
  42  x.up('football') = 1000;
  43  x.up('soccer') = 1500;
  44   
  45   
  46  solve topbrass using lp maximize p;


COMPILATION TIME     =        0.000 SECONDS      3 MB  44.3.0 8b8fb1cb WEX-WEI
GAMS 44.3.0  8b8fb1cb Sep 1, 2023           WEX-WEI x86 64bit/MS Windows - 09/11/23 11:13:39 Page 2
G e n e r a l   A l g e b r a i c   M o d e l i n g   S y s t e m
Equation Listing    SOLVE topbrass Using LP From line 46


---- obj  =E=  

obj..  - 12*x(football) - 9*x(soccer) + p =E= 0 ; (LHS = 0)
     

---- plaq  =L=  

plaq..  x(football) + x(soccer) =L= 1750 ; (LHS = 0)
     

---- wood  =L=  

wood..  4*x(football) + 2*x(soccer) =L= 4800 ; (LHS = 0)
     
GAMS 44.3.0  8b8fb1cb Sep 1, 2023           WEX-WEI x86 64bit/MS Windows - 09/11/23 11:13:39 Page 3
G e n e r a l   A l g e b r a i c   M o d e l i n g   S y s t e m
Column Listing      SOLVE topbrass Using LP From line 46


---- x  trophies

x(football)
                (.LO, .L, .UP, .M = 0, 0, 1000, 0)
      -12       obj
        1       plaq
        4       wood

x(soccer)
                (.LO, .L, .UP, .M = 0, 0, 1500, 0)
       -9       obj
        1       plaq
        2       wood


---- p  

p
                (.LO, .L, .UP, .M = -INF, 0, +INF, 0)
        1       obj

GAMS 44.3.0  8b8fb1cb Sep 1, 2023           WEX-WEI x86 64bit/MS Windows - 09/11/23 11:13:39 Page 4
G e n e r a l   A l g e b r a i c   M o d e l i n g   S y s t e m
Range Statistics    SOLVE topbrass Using LP From line 46


RANGE STATISTICS (ABSOLUTE NON-ZERO FINITE VALUES)

RHS       [min, max] : [ 1.750E+03, 4.800E+03] - Zero values observed as well
Bound     [min, max] : [ 1.000E+03, 1.500E+03] - Zero values observed as well
Matrix    [min, max] : [ 1.000E+00, 1.200E+01]

GAMS 44.3.0  8b8fb1cb Sep 1, 2023           WEX-WEI x86 64bit/MS Windows - 09/11/23 11:13:39 Page 5
G e n e r a l   A l g e b r a i c   M o d e l i n g   S y s t e m
Model Statistics    SOLVE topbrass Using LP From line 46


MODEL STATISTICS

BLOCKS OF EQUATIONS           3     SINGLE EQUATIONS            3
BLOCKS OF VARIABLES           2     SINGLE VARIABLES            3
NON ZERO ELEMENTS             7


GENERATION TIME      =        0.000 SECONDS      4 MB  44.3.0 8b8fb1cb WEX-WEI
GAMS 44.3.0  8b8fb1cb Sep 1, 2023           WEX-WEI x86 64bit/MS Windows - 09/11/23 11:13:39 Page 6
G e n e r a l   A l g e b r a i c   M o d e l i n g   S y s t e m
Solution Report     SOLVE topbrass Using LP From line 46


               S O L V E      S U M M A R Y

     MODEL   topbrass            OBJECTIVE  p
     TYPE    LP                  DIRECTION  MAXIMIZE
     SOLVER  CPLEX               FROM LINE  46

**** SOLVER STATUS     1 Normal Completion
**** MODEL STATUS      1 Optimal
**** OBJECTIVE VALUE            17700.0000

 RESOURCE USAGE, LIMIT          0.000 10000000000.000
 ITERATION COUNT, LIMIT         2    2147483647
--- GAMS/CPLEX licensed for continuous and discrete problems.
--- GMO setup time: 0.00s
--- GMO memory 0.50 Mb (peak 0.50 Mb)
--- Dictionary memory 0.00 Mb
--- Cplex 22.1.1.0 link memory 0.00 Mb (peak 0.00 Mb)
--- Starting Cplex


--- LP status (1): optimal.
--- Cplex Time: 0.00sec (det. 0.00 ticks)


Optimal solution found
Objective:        17700.000000


                           LOWER          LEVEL          UPPER         MARGINAL

---- EQU obj                 .              .              .             1.0000      
---- EQU plaq              -INF         1750.0000      1750.0000         6.0000      
---- EQU wood              -INF         4800.0000      4800.0000         1.5000      

---- VAR x  trophies

                LOWER          LEVEL          UPPER         MARGINAL

football          .           650.0000      1000.0000          .          
soccer            .          1100.0000      1500.0000          .          

                           LOWER          LEVEL          UPPER         MARGINAL

---- VAR p                 -INF        17700.0000        +INF             .          


**** REPORT SUMMARY :        0     NONOPT
                             0 INFEASIBLE
                             0  UNBOUNDED


EXECUTION TIME       =        0.063 SECONDS      4 MB  44.3.0 8b8fb1cb WEX-WEI


USER: Introduction to Optimization (CS/ISyE/ECE 524) G230906|0002AS-GEN
      UW-Madison, CS Dept., Fall 2023, Prof. Ferris              DCE850
      License for teaching and research at degree granting institutions


**** FILE SUMMARY

Input      C:\Users\Rocke\OneDrive\Documents\isye524\topbrass3.gms
Output     C:\Users\Rocke\OneDrive\Documents\isye524\topbrass3.lst
