GAMS 45.4.0  19dc3313 Nov 27, 2023          WEX-WEI x86 64bit/MS Windows - 12/20/23 19:35:43 Page 1
G e n e r a l   A l g e b r a i c   M o d e l i n g   S y s t e m
C o m p i l a t i o n


   1  set nodes / s, m1*m4, p1*p3, t /
   2  projects(nodes) / p1*p3 /
   3  months(nodes) / m1*m4 /;
   4   
   5  alias(nodes, i, j, k);
   6   
   7  parameters
   8  worker_months(projects) / p1 8, p2 10, p3 12 /
   9  months_done(projects) / p1 3, p2 4, p3 2 /;
  10   
  11  scalars
  12  workers_available / 8 /
  13  job_workers / 6 /;
  14   
  15  set arcs(nodes, nodes);
  16  arcs('s', months) = yes;
  17  arcs(months, projects) = yes$(ord(months) le months_done(projects));
  18  arcs(projects, 't') = yes;
  19   
  20  parameter
  21  u(i, j);
  22  u('s', months) = workers_available;
  23  u(months, projects)$arcs(months, projects) = job_workers;
  24  u(projects, 't') = worker_months(projects);
  25   
  26  display arcs, u;
  27   
  28  positive variable
  29  flow(nodes, nodes);
  30   
  31  variable
  32  totflow;
  33   
  34  equations
  35  obj, balance;
  36   
  37  obj..
  38  totflow =e= sum(arcs(months, projects), flow(arcs));
  39   
  40  balance(i, j)$(arcs(i, j))..
  41  flow(i, j)$((not sameas(i, 's')) and (not sameas(j, 't')))
  42  + sum(k$arcs(j, k), flow(j, k))$sameas(i, 's')
  43  + sum(k$arcs(k, i), flow(k, i))$sameas(j, 't') =l= u(i, j);
  44   
  45  model construction_max / obj, balance /;
  46   
  47  solve construction_max using lp max totflow;
  48  option flow:0:1:1;
  49  display flow.l;
  50   
  51  variable dualobj;
  52   
  53  positive variable
  54  pi(i, j);
  55   
  56  equations
  57  dual_obj_eq, dual_cons;
  58   
  59  dual_obj_eq..
  60  dualobj =e= sum(arcs(i, j), u(i, j)*pi(i, j));
  61   
  62  dual_cons(i, j)$(arcs(i, j))..
  63  pi('s', i) + pi(i, j) + pi(j, 't') =g= 1;
  64   
  65  model construction_dual / dual_obj_eq, dual_cons /;
  66   
  67  solve construction_dual using lp min dualobj;
  68  option pi:2:0:1;
  69  display dualobj.l, pi.l;
  70   
  71   
  72   
  73   
  74   
  75   
  76  equations
  77      obj_equation, req_fulfill, choice_eq;
  78   
  79  obj_equation..
  80      totclasses =e= sum((classes,semesters), x(classes, semesters));
****               $140             $120,340  $120,340,140
**** 120  Unknown identifier entered as set
**** 140  Unknown symbol
**** 340  A label/element with the same name exist. You may have forgotten
****         to quote a label/element reference. For example,
****         set i / a,b,c /; parameter x(i); x('a') = 10;
  81   
  82  req_fulfill(musttake)..
****                     $120,340
**** 120  Unknown identifier entered as set
**** 340  A label/element with the same name exist. You may have forgotten
****         to quote a label/element reference. For example,
****         set i / a,b,c /; parameter x(i); x('a') = 10;
  83      sum((classes, semesters), x(classes, semesters)) =e= 1;
  84   
  85  choice_eq(reqs)..
****               $120,340
**** 120  Unknown identifier entered as set
**** 340  A label/element with the same name exist. You may have forgotten
****         to quote a label/element reference. For example,
****         set i / a,b,c /; parameter x(i); x('a') = 10;
  86      sum((classes$(choices)), semesters), x(classes,semesters)) =g= reqcredits(reqs);
****                  $8      $140,10,119   $148,653,37,409
****   8  ')' expected
****  10  ',' expected
****  37  '=l=' or '=e=' or '=g=' operator expected
**** 119  Number (primary) expected
**** 140  Unknown symbol
**** 148  Dimension different - The symbol is referenced with more/less
****         indices as declared
**** 409  Unrecognizable item - skip to find a new statement
****        looking for a ';' or a key word to get started again
**** 653  The left side of an equation cannot be a set expression
  87   
  88  model triple_major /all/;
  89  solve triple_major using lp minimize total_classes;
****                                                   $140,257
**** 140  Unknown symbol
**** 257  Solve statement not checked because of previous errors

**** 20 ERROR(S)   0 WARNING(S)


COMPILATION TIME     =        0.015 SECONDS      3 MB  45.4.0 19dc3313 WEX-WEI


USER: Introduction to Optimization (CS/ISyE/ECE 524) G230906|0002AS-GEN
      UW-Madison, CS Dept., Fall 2023, Prof. Ferris              DCE850
      License for teaching and research at degree granting institutions


**** FILE SUMMARY

Input      C:\Users\Rocke\OneDrive\Documents\classes\isye524\hw\hw5\hw5-1.gms
Output     C:\Users\Rocke\OneDrive\Documents\classes\isye524\hw\hw5\hw5-1.lst

**** USER ERROR(S) ENCOUNTERED
